find hhdeaae at 8
find eaaeh at 9
find a at 6
find a at 7
find eh at 2
find eh at 9
find a at 6
find a at 7
find hehh at 3
find ehh at 3
find deaaeh at 9
find he at 1
find h at 0
find h at 2
find h at 3
find h at 9
ok 1
ok 3
ok 4
ok 5
ok 6
ok 8
ok 9
ok 10
4050
