Yes
1 8 10 11 18 17 4 7 5 13 14 15 6 19 2 16 3 9 12 20
