1:1
2:1
3:2
4:2
5:3
6:3
7:3
8:4
9:4
10:4
11:4
12:5
13:5
14:5
15:5
16:6
17:6
18:6
19:6
20:7
